<testsuites id="" name="" tests="14" failures="0" skipped="0" errors="0" time="5.343955">
<testsuite name="auth\login.spec.ts" timestamp="2026-10-05T21:13:15.041Z" hostname="chromium" tests="5" failures="0" skipped="0" time="9.428" errors="0">
<testcase name="Login › signs in with the displayed demo credentials" classname="auth\login.spec.ts" time="1.965">
</testcase>
<testcase name="Login › shows an error for invalid credentials" classname="auth\login.spec.ts" time="1.652">
</testcase>
<testcase name="Login › validates required fields" classname="auth\login.spec.ts" time="1.882">
</testcase>
<testcase name="Login › validates email format" classname="auth\login.spec.ts" time="1.917">
</testcase>
<testcase name="Login › requires at least six password characters" classname="auth\login.spec.ts" time="2.012">
</testcase>
</testsuite>
<testsuite name="auth\session.spec.ts" timestamp="2026-10-05T21:13:15.041Z" hostname="chromium" tests="1" failures="0" skipped="0" time="1.525" errors="0">
<testcase name="redirects unauthenticated visits to the protected dashboard" classname="auth\session.spec.ts" time="1.525">
</testcase>
</testsuite>
<testsuite name="dashboard\dashboard.spec.ts" timestamp="2026-10-05T21:13:15.041Z" hostname="chromium" tests="2" failures="0" skipped="0" time="4.353" errors="0">
<testcase name="GAN models dashboard › shows the authenticated dashboard" classname="dashboard\dashboard.spec.ts" time="2.188">
</testcase>
<testcase name="GAN models dashboard › logs out and clears the session" classname="dashboard\dashboard.spec.ts" time="2.165">
</testcase>
</testsuite>
<testsuite name="forms\form-validation.spec.ts" timestamp="2026-10-05T21:13:15.041Z" hostname="chromium" tests="4" failures="0" skipped="0" time="7.402" errors="0">
<testcase name="Dynamic form › keeps submit disabled while required fields are empty" classname="forms\form-validation.spec.ts" time="1.855">
</testcase>
<testcase name="Dynamic form › shows required-field feedback after editing and clearing a required field" classname="forms\form-validation.spec.ts" time="1.851">
</testcase>
<testcase name="Dynamic form › submits valid values and confirms success" classname="forms\form-validation.spec.ts" time="1.926">
</testcase>
<testcase name="Dynamic form › filters and selects searchable evidence tags" classname="forms\form-validation.spec.ts" time="1.77">
</testcase>
</testsuite>
<testsuite name="performance\performance.spec.ts" timestamp="2026-10-05T21:13:15.041Z" hostname="chromium" tests="2" failures="0" skipped="0" time="2.111" errors="0">
<testcase name="Frontend load performance › loads the login screen within ten seconds" classname="performance\performance.spec.ts" time="1.05">
</testcase>
<testcase name="Frontend load performance › records browser navigation timing for the login page" classname="performance\performance.spec.ts" time="1.061">
</testcase>
</testsuite>
</testsuites>